bad op (not fn): 40 sym=MBASE
mset.c:63: undefined symbol
bad op (not fn): 7 sym=LCONTROL
mset.c:63: undefined symbol
bad op (not fn): 1 sym=BAUDREG
mset.c:71: undefined symbol
bad op (not fn): 40 sym=MBASE
mset.c:71: undefined symbol
bad op (not fn): 9 sym=LCONTROL
mset.c:71: undefined symbol
bad op (not fn): 40 sym=MBASE
mset.c:72: undefined symbol
bad op (not fn): 9 sym=LOBAUD
mset.c:72: undefined symbol
bad op (not fn): 40 sym=MBASE
mset.c:73: undefined symbol
bad op (not fn): 9 sym=HIBAUD
mset.c:73: undefined symbol
bad op (not fn): 48 sym=MU_WORD8
mset.c:76: undefined symbol
bad op (not fn): 1 sym=MU_STOP2
mset.c:82: undefined symbol
bad op (not fn): 48 sym=ODD
mset.c:82: undefined symbol
bad op (not fn): 7 sym=EVEN
mset.c:82: undefined symbol
bad op (not fn): 1 sym=MU_PARITY
mset.c:84: undefined symbol
bad op (not fn): 7 sym=EVEN
mset.c:84: undefined symbol
bad op (not fn): 1 sym=MU_EVEN
mset.c:86: undefined symbol
bad op (not fn): 40 sym=MBASE
mset.c:89: undefined symbol
bad op (not fn): 9 sym=LCONTROL
mset.c:89: undefined symbol
bad op (not fn): 48 sym=MU_DTR
mset.c:94: undefined symbol
bad op (not fn): 1 sym=MU_RTS
mset.c:96: undefined symbol
bad op (not fn): 40 sym=MBASE
mset.c:96: undefined symbol
bad op (not fn): 9 sym=MCONTROL
mset.c:96: undefined symbol
Error: c0 failed on mset.c
=== Compiling mset.c ===
